  Determining projects to restore...
  All projects are up-to-date for restore.
  Codenizer.HttpClient.Testable -> /Users/joshuawaring/Documents/Repos/TestableHttpClient/src/Codenizer.HttpClient.Testable/bin/Debug/net10.0/Codenizer.HttpClient.Testable.dll
  Codenizer.HttpClient.Testable.SentryServer -> /Users/joshuawaring/Documents/Repos/TestableHttpClient/src/Codenizer.HttpClient.Testable.SentryServer/bin/Debug/net10.0/Codenizer.HttpClient.Testable.SentryServer.dll
  Codenizer.HttpClient.Testable.AirtableServer -> /Users/joshuawaring/Documents/Repos/TestableHttpClient/src/Codenizer.HttpClient.Testable.AirtableServer/bin/Debug/net10.0/Codenizer.HttpClient.Testable.AirtableServer.dll
  Codenizer.HttpClient.Testable.AnthropicServer -> /Users/joshuawaring/Documents/Repos/TestableHttpClient/src/Codenizer.HttpClient.Testable.AnthropicServer/bin/Debug/net10.0/Codenizer.HttpClient.Testable.AnthropicServer.dll
/Users/joshuawaring/Documents/Repos/TestableHttpClient/test/Codenizer.HttpClient.Testable.Tests.Unit/AnthropicServerTests.cs(20,21): error CS1061: 'TestableMessageHandler' does not contain a definition for 'SimulateServer' and no accessible extension method 'SimulateServer' accepting a first argument of type 'TestableMessageHandler' could be found (are you missing a using directive or an assembly reference?) [/Users/joshuawaring/Documents/Repos/TestableHttpClient/test/Codenizer.HttpClient.Testable.Tests.Unit/Codenizer.HttpClient.Testable.Tests.Unit.csproj::TargetFramework=net10.0]
/Users/joshuawaring/Documents/Repos/TestableHttpClient/test/Codenizer.HttpClient.Testable.Tests.Unit/AnthropicServerTests.cs(28,13): warning CS8602: Dereference of a possibly null reference. [/Users/joshuawaring/Documents/Repos/TestableHttpClient/test/Codenizer.HttpClient.Testable.Tests.Unit/Codenizer.HttpClient.Testable.Tests.Unit.csproj::TargetFramework=net10.0]
/Users/joshuawaring/Documents/Repos/TestableHttpClient/test/Codenizer.HttpClient.Testable.Tests.Unit/AnthropicServerTests.cs(37,21): error CS1061: 'TestableMessageHandler' does not contain a definition for 'SimulateServer' and no accessible extension method 'SimulateServer' accepting a first argument of type 'TestableMessageHandler' could be found (are you missing a using directive or an assembly reference?) [/Users/joshuawaring/Documents/Repos/TestableHttpClient/test/Codenizer.HttpClient.Testable.Tests.Unit/Codenizer.HttpClient.Testable.Tests.Unit.csproj::TargetFramework=net10.0]
/Users/joshuawaring/Documents/Repos/TestableHttpClient/test/Codenizer.HttpClient.Testable.Tests.Unit/AnthropicServerTests.cs(56,13): warning CS8602: Dereference of a possibly null reference. [/Users/joshuawaring/Documents/Repos/TestableHttpClient/test/Codenizer.HttpClient.Testable.Tests.Unit/Codenizer.HttpClient.Testable.Tests.Unit.csproj::TargetFramework=net10.0]
/Users/joshuawaring/Documents/Repos/TestableHttpClient/test/Codenizer.HttpClient.Testable.Tests.Unit/AirtableServerTests.cs(47,27): warning CS8602: Dereference of a possibly null reference. [/Users/joshuawaring/Documents/Repos/TestableHttpClient/test/Codenizer.HttpClient.Testable.Tests.Unit/Codenizer.HttpClient.Testable.Tests.Unit.csproj::TargetFramework=net10.0]
/Users/joshuawaring/Documents/Repos/TestableHttpClient/test/Codenizer.HttpClient.Testable.Tests.Unit/AirtableServerTests.cs(50,43): warning CS8602: Dereference of a possibly null reference. [/Users/joshuawaring/Documents/Repos/TestableHttpClient/test/Codenizer.HttpClient.Testable.Tests.Unit/Codenizer.HttpClient.Testable.Tests.Unit.csproj::TargetFramework=net10.0]
/Users/joshuawaring/Documents/Repos/TestableHttpClient/test/Codenizer.HttpClient.Testable.Tests.Unit/AirtableServerTests.cs(51,43): warning CS8602: Dereference of a possibly null reference. [/Users/joshuawaring/Documents/Repos/TestableHttpClient/test/Codenizer.HttpClient.Testable.Tests.Unit/Codenizer.HttpClient.Testable.Tests.Unit.csproj::TargetFramework=net10.0]
/Users/joshuawaring/Documents/Repos/TestableHttpClient/test/Codenizer.HttpClient.Testable.Tests.Unit/SentryServerTests.cs(32,13): warning CS8602: Dereference of a possibly null reference. [/Users/joshuawaring/Documents/Repos/TestableHttpClient/test/Codenizer.HttpClient.Testable.Tests.Unit/Codenizer.HttpClient.Testable.Tests.Unit.csproj::TargetFramework=net10.0]
/Users/joshuawaring/Documents/Repos/TestableHttpClient/test/Codenizer.HttpClient.Testable.Tests.Unit/AnthropicServerTests.cs(65,21): error CS1061: 'TestableMessageHandler' does not contain a definition for 'SimulateServer' and no accessible extension method 'SimulateServer' accepting a first argument of type 'TestableMessageHandler' could be found (are you missing a using directive or an assembly reference?) [/Users/joshuawaring/Documents/Repos/TestableHttpClient/test/Codenizer.HttpClient.Testable.Tests.Unit/Codenizer.HttpClient.Testable.Tests.Unit.csproj::TargetFramework=net10.0]
/Users/joshuawaring/Documents/Repos/TestableHttpClient/test/Codenizer.HttpClient.Testable.Tests.Unit/AnthropicServerTests.cs(86,13): warning CS8602: Dereference of a possibly null reference. [/Users/joshuawaring/Documents/Repos/TestableHttpClient/test/Codenizer.HttpClient.Testable.Tests.Unit/Codenizer.HttpClient.Testable.Tests.Unit.csproj::TargetFramework=net10.0]
/Users/joshuawaring/Documents/Repos/TestableHttpClient/test/Codenizer.HttpClient.Testable.Tests.Unit/AnthropicServerTests.cs(93,13): warning CS8602: Dereference of a possibly null reference. [/Users/joshuawaring/Documents/Repos/TestableHttpClient/test/Codenizer.HttpClient.Testable.Tests.Unit/Codenizer.HttpClient.Testable.Tests.Unit.csproj::TargetFramework=net10.0]
/Users/joshuawaring/Documents/Repos/TestableHttpClient/test/Codenizer.HttpClient.Testable.Tests.Unit/AnthropicServerTests.cs(100,13): warning CS8602: Dereference of a possibly null reference. [/Users/joshuawaring/Documents/Repos/TestableHttpClient/test/Codenizer.HttpClient.Testable.Tests.Unit/Codenizer.HttpClient.Testable.Tests.Unit.csproj::TargetFramework=net10.0]
/Users/joshuawaring/Documents/Repos/TestableHttpClient/test/Codenizer.HttpClient.Testable.Tests.Unit/AnthropicServerTests.cs(105,13): warning CS8602: Dereference of a possibly null reference. [/Users/joshuawaring/Documents/Repos/TestableHttpClient/test/Codenizer.HttpClient.Testable.Tests.Unit/Codenizer.HttpClient.Testable.Tests.Unit.csproj::TargetFramework=net10.0]
/Users/joshuawaring/Documents/Repos/TestableHttpClient/test/Codenizer.HttpClient.Testable.Tests.Unit/AirtableServerTests.cs(83,27): warning CS8602: Dereference of a possibly null reference. [/Users/joshuawaring/Documents/Repos/TestableHttpClient/test/Codenizer.HttpClient.Testable.Tests.Unit/Codenizer.HttpClient.Testable.Tests.Unit.csproj::TargetFramework=net10.0]
/Users/joshuawaring/Documents/Repos/TestableHttpClient/test/Codenizer.HttpClient.Testable.Tests.Unit/AirtableServerTests.cs(86,13): warning CS8602: Dereference of a possibly null reference. [/Users/joshuawaring/Documents/Repos/TestableHttpClient/test/Codenizer.HttpClient.Testable.Tests.Unit/Codenizer.HttpClient.Testable.Tests.Unit.csproj::TargetFramework=net10.0]
/Users/joshuawaring/Documents/Repos/TestableHttpClient/test/Codenizer.HttpClient.Testable.Tests.Unit/AirtableServerTests.cs(86,13): warning CS8602: Dereference of a possibly null reference. [/Users/joshuawaring/Documents/Repos/TestableHttpClient/test/Codenizer.HttpClient.Testable.Tests.Unit/Codenizer.HttpClient.Testable.Tests.Unit.csproj::TargetFramework=net10.0]
/Users/joshuawaring/Documents/Repos/TestableHttpClient/test/Codenizer.HttpClient.Testable.Tests.Unit/SentryServerTests.cs(56,13): warning CS8602: Dereference of a possibly null reference. [/Users/joshuawaring/Documents/Repos/TestableHttpClient/test/Codenizer.HttpClient.Testable.Tests.Unit/Codenizer.HttpClient.Testable.Tests.Unit.csproj::TargetFramework=net10.0]
/Users/joshuawaring/Documents/Repos/TestableHttpClient/test/Codenizer.HttpClient.Testable.Tests.Unit/AirtableServerTests.cs(118,27): warning CS8602: Dereference of a possibly null reference. [/Users/joshuawaring/Documents/Repos/TestableHttpClient/test/Codenizer.HttpClient.Testable.Tests.Unit/Codenizer.HttpClient.Testable.Tests.Unit.csproj::TargetFramework=net10.0]
/Users/joshuawaring/Documents/Repos/TestableHttpClient/test/Codenizer.HttpClient.Testable.Tests.Unit/AirtableServerTests.cs(121,13): warning CS8602: Dereference of a possibly null reference. [/Users/joshuawaring/Documents/Repos/TestableHttpClient/test/Codenizer.HttpClient.Testable.Tests.Unit/Codenizer.HttpClient.Testable.Tests.Unit.csproj::TargetFramework=net10.0]
/Users/joshuawaring/Documents/Repos/TestableHttpClient/test/Codenizer.HttpClient.Testable.Tests.Unit/AirtableServerTests.cs(121,13): warning CS8602: Dereference of a possibly null reference. [/Users/joshuawaring/Documents/Repos/TestableHttpClient/test/Codenizer.HttpClient.Testable.Tests.Unit/Codenizer.HttpClient.Testable.Tests.Unit.csproj::TargetFramework=net10.0]
/Users/joshuawaring/Documents/Repos/TestableHttpClient/test/Codenizer.HttpClient.Testable.Tests.Unit/SentryServerTests.cs(168,13): warning CS8602: Dereference of a possibly null reference. [/Users/joshuawaring/Documents/Repos/TestableHttpClient/test/Codenizer.HttpClient.Testable.Tests.Unit/Codenizer.HttpClient.Testable.Tests.Unit.csproj::TargetFramework=net10.0]
/Users/joshuawaring/Documents/Repos/TestableHttpClient/test/Codenizer.HttpClient.Testable.Tests.Unit/AirtableServerTests.cs(148,27): warning CS8602: Dereference of a possibly null reference. [/Users/joshuawaring/Documents/Repos/TestableHttpClient/test/Codenizer.HttpClient.Testable.Tests.Unit/Codenizer.HttpClient.Testable.Tests.Unit.csproj::TargetFramework=net10.0]
/Users/joshuawaring/Documents/Repos/TestableHttpClient/test/Codenizer.HttpClient.Testable.Tests.Unit/AirtableServerTests.cs(151,43): warning CS8602: Dereference of a possibly null reference. [/Users/joshuawaring/Documents/Repos/TestableHttpClient/test/Codenizer.HttpClient.Testable.Tests.Unit/Codenizer.HttpClient.Testable.Tests.Unit.csproj::TargetFramework=net10.0]
/Users/joshuawaring/Documents/Repos/TestableHttpClient/test/Codenizer.HttpClient.Testable.Tests.Unit/AirtableServerTests.cs(152,43): warning CS8602: Dereference of a possibly null reference. [/Users/joshuawaring/Documents/Repos/TestableHttpClient/test/Codenizer.HttpClient.Testable.Tests.Unit/Codenizer.HttpClient.Testable.Tests.Unit.csproj::TargetFramework=net10.0]
/Users/joshuawaring/Documents/Repos/TestableHttpClient/test/Codenizer.HttpClient.Testable.Tests.Unit/AirtableServerTests.cs(171,13): warning CS8602: Dereference of a possibly null reference. [/Users/joshuawaring/Documents/Repos/TestableHttpClient/test/Codenizer.HttpClient.Testable.Tests.Unit/Codenizer.HttpClient.Testable.Tests.Unit.csproj::TargetFramework=net10.0]
/Users/joshuawaring/Documents/Repos/TestableHttpClient/test/Codenizer.HttpClient.Testable.Tests.Unit/AirtableServerTests.cs(190,27): warning CS8602: Dereference of a possibly null reference. [/Users/joshuawaring/Documents/Repos/TestableHttpClient/test/Codenizer.HttpClient.Testable.Tests.Unit/Codenizer.HttpClient.Testable.Tests.Unit.csproj::TargetFramework=net10.0]
/Users/joshuawaring/Documents/Repos/TestableHttpClient/test/Codenizer.HttpClient.Testable.Tests.Unit/AirtableServerTests.cs(193,23): warning CS8602: Dereference of a possibly null reference. [/Users/joshuawaring/Documents/Repos/TestableHttpClient/test/Codenizer.HttpClient.Testable.Tests.Unit/Codenizer.HttpClient.Testable.Tests.Unit.csproj::TargetFramework=net10.0]
/Users/joshuawaring/Documents/Repos/TestableHttpClient/test/Codenizer.HttpClient.Testable.Tests.Unit/AirtableServerTests.cs(194,13): warning CS8602: Dereference of a possibly null reference. [/Users/joshuawaring/Documents/Repos/TestableHttpClient/test/Codenizer.HttpClient.Testable.Tests.Unit/Codenizer.HttpClient.Testable.Tests.Unit.csproj::TargetFramework=net10.0]
/Users/joshuawaring/Documents/Repos/TestableHttpClient/test/Codenizer.HttpClient.Testable.Tests.Unit/SentryServerTests.cs(191,13): warning CS8602: Dereference of a possibly null reference. [/Users/joshuawaring/Documents/Repos/TestableHttpClient/test/Codenizer.HttpClient.Testable.Tests.Unit/Codenizer.HttpClient.Testable.Tests.Unit.csproj::TargetFramework=net10.0]
/Users/joshuawaring/Documents/Repos/TestableHttpClient/test/Codenizer.HttpClient.Testable.Tests.Unit/AirtableServerTests.cs(221,29): warning CS8602: Dereference of a possibly null reference. [/Users/joshuawaring/Documents/Repos/TestableHttpClient/test/Codenizer.HttpClient.Testable.Tests.Unit/Codenizer.HttpClient.Testable.Tests.Unit.csproj::TargetFramework=net10.0]
/Users/joshuawaring/Documents/Repos/TestableHttpClient/test/Codenizer.HttpClient.Testable.Tests.Unit/AirtableServerTests.cs(233,28): warning CS8602: Dereference of a possibly null reference. [/Users/joshuawaring/Documents/Repos/TestableHttpClient/test/Codenizer.HttpClient.Testable.Tests.Unit/Codenizer.HttpClient.Testable.Tests.Unit.csproj::TargetFramework=net10.0]
/Users/joshuawaring/Documents/Repos/TestableHttpClient/test/Codenizer.HttpClient.Testable.Tests.Unit/AirtableServerTests.cs(236,13): warning CS8602: Dereference of a possibly null reference. [/Users/joshuawaring/Documents/Repos/TestableHttpClient/test/Codenizer.HttpClient.Testable.Tests.Unit/Codenizer.HttpClient.Testable.Tests.Unit.csproj::TargetFramework=net10.0]
/Users/joshuawaring/Documents/Repos/TestableHttpClient/test/Codenizer.HttpClient.Testable.Tests.Unit/SentryServerTests.cs(229,13): warning CS8602: Dereference of a possibly null reference. [/Users/joshuawaring/Documents/Repos/TestableHttpClient/test/Codenizer.HttpClient.Testable.Tests.Unit/Codenizer.HttpClient.Testable.Tests.Unit.csproj::TargetFramework=net10.0]
/Users/joshuawaring/Documents/Repos/TestableHttpClient/test/Codenizer.HttpClient.Testable.Tests.Unit/SentryServerTests.cs(253,13): warning CS8602: Dereference of a possibly null reference. [/Users/joshuawaring/Documents/Repos/TestableHttpClient/test/Codenizer.HttpClient.Testable.Tests.Unit/Codenizer.HttpClient.Testable.Tests.Unit.csproj::TargetFramework=net10.0]
/Users/joshuawaring/Documents/Repos/TestableHttpClient/test/Codenizer.HttpClient.Testable.Tests.Unit/SentryServerTests.cs(284,13): warning CS8602: Dereference of a possibly null reference. [/Users/joshuawaring/Documents/Repos/TestableHttpClient/test/Codenizer.HttpClient.Testable.Tests.Unit/Codenizer.HttpClient.Testable.Tests.Unit.csproj::TargetFramework=net10.0]
/Users/joshuawaring/Documents/Repos/TestableHttpClient/test/Codenizer.HttpClient.Testable.Tests.Unit/SentryServerTests.cs(345,13): warning CS8602: Dereference of a possibly null reference. [/Users/joshuawaring/Documents/Repos/TestableHttpClient/test/Codenizer.HttpClient.Testable.Tests.Unit/Codenizer.HttpClient.Testable.Tests.Unit.csproj::TargetFramework=net10.0]

Build FAILED.

/Users/joshuawaring/Documents/Repos/TestableHttpClient/test/Codenizer.HttpClient.Testable.Tests.Unit/AnthropicServerTests.cs(28,13): warning CS8602: Dereference of a possibly null reference. [/Users/joshuawaring/Documents/Repos/TestableHttpClient/test/Codenizer.HttpClient.Testable.Tests.Unit/Codenizer.HttpClient.Testable.Tests.Unit.csproj::TargetFramework=net10.0]
/Users/joshuawaring/Documents/Repos/TestableHttpClient/test/Codenizer.HttpClient.Testable.Tests.Unit/AnthropicServerTests.cs(56,13): warning CS8602: Dereference of a possibly null reference. [/Users/joshuawaring/Documents/Repos/TestableHttpClient/test/Codenizer.HttpClient.Testable.Tests.Unit/Codenizer.HttpClient.Testable.Tests.Unit.csproj::TargetFramework=net10.0]
/Users/joshuawaring/Documents/Repos/TestableHttpClient/test/Codenizer.HttpClient.Testable.Tests.Unit/AirtableServerTests.cs(47,27): warning CS8602: Dereference of a possibly null reference. [/Users/joshuawaring/Documents/Repos/TestableHttpClient/test/Codenizer.HttpClient.Testable.Tests.Unit/Codenizer.HttpClient.Testable.Tests.Unit.csproj::TargetFramework=net10.0]
/Users/joshuawaring/Documents/Repos/TestableHttpClient/test/Codenizer.HttpClient.Testable.Tests.Unit/AirtableServerTests.cs(50,43): warning CS8602: Dereference of a possibly null reference. [/Users/joshuawaring/Documents/Repos/TestableHttpClient/test/Codenizer.HttpClient.Testable.Tests.Unit/Codenizer.HttpClient.Testable.Tests.Unit.csproj::TargetFramework=net10.0]
/Users/joshuawaring/Documents/Repos/TestableHttpClient/test/Codenizer.HttpClient.Testable.Tests.Unit/AirtableServerTests.cs(51,43): warning CS8602: Dereference of a possibly null reference. [/Users/joshuawaring/Documents/Repos/TestableHttpClient/test/Codenizer.HttpClient.Testable.Tests.Unit/Codenizer.HttpClient.Testable.Tests.Unit.csproj::TargetFramework=net10.0]
/Users/joshuawaring/Documents/Repos/TestableHttpClient/test/Codenizer.HttpClient.Testable.Tests.Unit/SentryServerTests.cs(32,13): warning CS8602: Dereference of a possibly null reference. [/Users/joshuawaring/Documents/Repos/TestableHttpClient/test/Codenizer.HttpClient.Testable.Tests.Unit/Codenizer.HttpClient.Testable.Tests.Unit.csproj::TargetFramework=net10.0]
/Users/joshuawaring/Documents/Repos/TestableHttpClient/test/Codenizer.HttpClient.Testable.Tests.Unit/AnthropicServerTests.cs(86,13): warning CS8602: Dereference of a possibly null reference. [/Users/joshuawaring/Documents/Repos/TestableHttpClient/test/Codenizer.HttpClient.Testable.Tests.Unit/Codenizer.HttpClient.Testable.Tests.Unit.csproj::TargetFramework=net10.0]
/Users/joshuawaring/Documents/Repos/TestableHttpClient/test/Codenizer.HttpClient.Testable.Tests.Unit/AnthropicServerTests.cs(93,13): warning CS8602: Dereference of a possibly null reference. [/Users/joshuawaring/Documents/Repos/TestableHttpClient/test/Codenizer.HttpClient.Testable.Tests.Unit/Codenizer.HttpClient.Testable.Tests.Unit.csproj::TargetFramework=net10.0]
/Users/joshuawaring/Documents/Repos/TestableHttpClient/test/Codenizer.HttpClient.Testable.Tests.Unit/AnthropicServerTests.cs(100,13): warning CS8602: Dereference of a possibly null reference. [/Users/joshuawaring/Documents/Repos/TestableHttpClient/test/Codenizer.HttpClient.Testable.Tests.Unit/Codenizer.HttpClient.Testable.Tests.Unit.csproj::TargetFramework=net10.0]
/Users/joshuawaring/Documents/Repos/TestableHttpClient/test/Codenizer.HttpClient.Testable.Tests.Unit/AnthropicServerTests.cs(105,13): warning CS8602: Dereference of a possibly null reference. [/Users/joshuawaring/Documents/Repos/TestableHttpClient/test/Codenizer.HttpClient.Testable.Tests.Unit/Codenizer.HttpClient.Testable.Tests.Unit.csproj::TargetFramework=net10.0]
/Users/joshuawaring/Documents/Repos/TestableHttpClient/test/Codenizer.HttpClient.Testable.Tests.Unit/AirtableServerTests.cs(83,27): warning CS8602: Dereference of a possibly null reference. [/Users/joshuawaring/Documents/Repos/TestableHttpClient/test/Codenizer.HttpClient.Testable.Tests.Unit/Codenizer.HttpClient.Testable.Tests.Unit.csproj::TargetFramework=net10.0]
/Users/joshuawaring/Documents/Repos/TestableHttpClient/test/Codenizer.HttpClient.Testable.Tests.Unit/AirtableServerTests.cs(86,13): warning CS8602: Dereference of a possibly null reference. [/Users/joshuawaring/Documents/Repos/TestableHttpClient/test/Codenizer.HttpClient.Testable.Tests.Unit/Codenizer.HttpClient.Testable.Tests.Unit.csproj::TargetFramework=net10.0]
/Users/joshuawaring/Documents/Repos/TestableHttpClient/test/Codenizer.HttpClient.Testable.Tests.Unit/AirtableServerTests.cs(86,13): warning CS8602: Dereference of a possibly null reference. [/Users/joshuawaring/Documents/Repos/TestableHttpClient/test/Codenizer.HttpClient.Testable.Tests.Unit/Codenizer.HttpClient.Testable.Tests.Unit.csproj::TargetFramework=net10.0]
/Users/joshuawaring/Documents/Repos/TestableHttpClient/test/Codenizer.HttpClient.Testable.Tests.Unit/SentryServerTests.cs(56,13): warning CS8602: Dereference of a possibly null reference. [/Users/joshuawaring/Documents/Repos/TestableHttpClient/test/Codenizer.HttpClient.Testable.Tests.Unit/Codenizer.HttpClient.Testable.Tests.Unit.csproj::TargetFramework=net10.0]
/Users/joshuawaring/Documents/Repos/TestableHttpClient/test/Codenizer.HttpClient.Testable.Tests.Unit/AirtableServerTests.cs(118,27): warning CS8602: Dereference of a possibly null reference. [/Users/joshuawaring/Documents/Repos/TestableHttpClient/test/Codenizer.HttpClient.Testable.Tests.Unit/Codenizer.HttpClient.Testable.Tests.Unit.csproj::TargetFramework=net10.0]
/Users/joshuawaring/Documents/Repos/TestableHttpClient/test/Codenizer.HttpClient.Testable.Tests.Unit/AirtableServerTests.cs(121,13): warning CS8602: Dereference of a possibly null reference. [/Users/joshuawaring/Documents/Repos/TestableHttpClient/test/Codenizer.HttpClient.Testable.Tests.Unit/Codenizer.HttpClient.Testable.Tests.Unit.csproj::TargetFramework=net10.0]
/Users/joshuawaring/Documents/Repos/TestableHttpClient/test/Codenizer.HttpClient.Testable.Tests.Unit/AirtableServerTests.cs(121,13): warning CS8602: Dereference of a possibly null reference. [/Users/joshuawaring/Documents/Repos/TestableHttpClient/test/Codenizer.HttpClient.Testable.Tests.Unit/Codenizer.HttpClient.Testable.Tests.Unit.csproj::TargetFramework=net10.0]
/Users/joshuawaring/Documents/Repos/TestableHttpClient/test/Codenizer.HttpClient.Testable.Tests.Unit/SentryServerTests.cs(168,13): warning CS8602: Dereference of a possibly null reference. [/Users/joshuawaring/Documents/Repos/TestableHttpClient/test/Codenizer.HttpClient.Testable.Tests.Unit/Codenizer.HttpClient.Testable.Tests.Unit.csproj::TargetFramework=net10.0]
/Users/joshuawaring/Documents/Repos/TestableHttpClient/test/Codenizer.HttpClient.Testable.Tests.Unit/AirtableServerTests.cs(148,27): warning CS8602: Dereference of a possibly null reference. [/Users/joshuawaring/Documents/Repos/TestableHttpClient/test/Codenizer.HttpClient.Testable.Tests.Unit/Codenizer.HttpClient.Testable.Tests.Unit.csproj::TargetFramework=net10.0]
/Users/joshuawaring/Documents/Repos/TestableHttpClient/test/Codenizer.HttpClient.Testable.Tests.Unit/AirtableServerTests.cs(151,43): warning CS8602: Dereference of a possibly null reference. [/Users/joshuawaring/Documents/Repos/TestableHttpClient/test/Codenizer.HttpClient.Testable.Tests.Unit/Codenizer.HttpClient.Testable.Tests.Unit.csproj::TargetFramework=net10.0]
/Users/joshuawaring/Documents/Repos/TestableHttpClient/test/Codenizer.HttpClient.Testable.Tests.Unit/AirtableServerTests.cs(152,43): warning CS8602: Dereference of a possibly null reference. [/Users/joshuawaring/Documents/Repos/TestableHttpClient/test/Codenizer.HttpClient.Testable.Tests.Unit/Codenizer.HttpClient.Testable.Tests.Unit.csproj::TargetFramework=net10.0]
/Users/joshuawaring/Documents/Repos/TestableHttpClient/test/Codenizer.HttpClient.Testable.Tests.Unit/AirtableServerTests.cs(171,13): warning CS8602: Dereference of a possibly null reference. [/Users/joshuawaring/Documents/Repos/TestableHttpClient/test/Codenizer.HttpClient.Testable.Tests.Unit/Codenizer.HttpClient.Testable.Tests.Unit.csproj::TargetFramework=net10.0]
/Users/joshuawaring/Documents/Repos/TestableHttpClient/test/Codenizer.HttpClient.Testable.Tests.Unit/AirtableServerTests.cs(190,27): warning CS8602: Dereference of a possibly null reference. [/Users/joshuawaring/Documents/Repos/TestableHttpClient/test/Codenizer.HttpClient.Testable.Tests.Unit/Codenizer.HttpClient.Testable.Tests.Unit.csproj::TargetFramework=net10.0]
/Users/joshuawaring/Documents/Repos/TestableHttpClient/test/Codenizer.HttpClient.Testable.Tests.Unit/AirtableServerTests.cs(193,23): warning CS8602: Dereference of a possibly null reference. [/Users/joshuawaring/Documents/Repos/TestableHttpClient/test/Codenizer.HttpClient.Testable.Tests.Unit/Codenizer.HttpClient.Testable.Tests.Unit.csproj::TargetFramework=net10.0]
/Users/joshuawaring/Documents/Repos/TestableHttpClient/test/Codenizer.HttpClient.Testable.Tests.Unit/AirtableServerTests.cs(194,13): warning CS8602: Dereference of a possibly null reference. [/Users/joshuawaring/Documents/Repos/TestableHttpClient/test/Codenizer.HttpClient.Testable.Tests.Unit/Codenizer.HttpClient.Testable.Tests.Unit.csproj::TargetFramework=net10.0]
/Users/joshuawaring/Documents/Repos/TestableHttpClient/test/Codenizer.HttpClient.Testable.Tests.Unit/SentryServerTests.cs(191,13): warning CS8602: Dereference of a possibly null reference. [/Users/joshuawaring/Documents/Repos/TestableHttpClient/test/Codenizer.HttpClient.Testable.Tests.Unit/Codenizer.HttpClient.Testable.Tests.Unit.csproj::TargetFramework=net10.0]
/Users/joshuawaring/Documents/Repos/TestableHttpClient/test/Codenizer.HttpClient.Testable.Tests.Unit/AirtableServerTests.cs(221,29): warning CS8602: Dereference of a possibly null reference. [/Users/joshuawaring/Documents/Repos/TestableHttpClient/test/Codenizer.HttpClient.Testable.Tests.Unit/Codenizer.HttpClient.Testable.Tests.Unit.csproj::TargetFramework=net10.0]
/Users/joshuawaring/Documents/Repos/TestableHttpClient/test/Codenizer.HttpClient.Testable.Tests.Unit/AirtableServerTests.cs(233,28): warning CS8602: Dereference of a possibly null reference. [/Users/joshuawaring/Documents/Repos/TestableHttpClient/test/Codenizer.HttpClient.Testable.Tests.Unit/Codenizer.HttpClient.Testable.Tests.Unit.csproj::TargetFramework=net10.0]
/Users/joshuawaring/Documents/Repos/TestableHttpClient/test/Codenizer.HttpClient.Testable.Tests.Unit/AirtableServerTests.cs(236,13): warning CS8602: Dereference of a possibly null reference. [/Users/joshuawaring/Documents/Repos/TestableHttpClient/test/Codenizer.HttpClient.Testable.Tests.Unit/Codenizer.HttpClient.Testable.Tests.Unit.csproj::TargetFramework=net10.0]
/Users/joshuawaring/Documents/Repos/TestableHttpClient/test/Codenizer.HttpClient.Testable.Tests.Unit/SentryServerTests.cs(229,13): warning CS8602: Dereference of a possibly null reference. [/Users/joshuawaring/Documents/Repos/TestableHttpClient/test/Codenizer.HttpClient.Testable.Tests.Unit/Codenizer.HttpClient.Testable.Tests.Unit.csproj::TargetFramework=net10.0]
/Users/joshuawaring/Documents/Repos/TestableHttpClient/test/Codenizer.HttpClient.Testable.Tests.Unit/SentryServerTests.cs(253,13): warning CS8602: Dereference of a possibly null reference. [/Users/joshuawaring/Documents/Repos/TestableHttpClient/test/Codenizer.HttpClient.Testable.Tests.Unit/Codenizer.HttpClient.Testable.Tests.Unit.csproj::TargetFramework=net10.0]
/Users/joshuawaring/Documents/Repos/TestableHttpClient/test/Codenizer.HttpClient.Testable.Tests.Unit/SentryServerTests.cs(284,13): warning CS8602: Dereference of a possibly null reference. [/Users/joshuawaring/Documents/Repos/TestableHttpClient/test/Codenizer.HttpClient.Testable.Tests.Unit/Codenizer.HttpClient.Testable.Tests.Unit.csproj::TargetFramework=net10.0]
/Users/joshuawaring/Documents/Repos/TestableHttpClient/test/Codenizer.HttpClient.Testable.Tests.Unit/SentryServerTests.cs(345,13): warning CS8602: Dereference of a possibly null reference. [/Users/joshuawaring/Documents/Repos/TestableHttpClient/test/Codenizer.HttpClient.Testable.Tests.Unit/Codenizer.HttpClient.Testable.Tests.Unit.csproj::TargetFramework=net10.0]
/Users/joshuawaring/Documents/Repos/TestableHttpClient/test/Codenizer.HttpClient.Testable.Tests.Unit/AnthropicServerTests.cs(20,21): error CS1061: 'TestableMessageHandler' does not contain a definition for 'SimulateServer' and no accessible extension method 'SimulateServer' accepting a first argument of type 'TestableMessageHandler' could be found (are you missing a using directive or an assembly reference?) [/Users/joshuawaring/Documents/Repos/TestableHttpClient/test/Codenizer.HttpClient.Testable.Tests.Unit/Codenizer.HttpClient.Testable.Tests.Unit.csproj::TargetFramework=net10.0]
/Users/joshuawaring/Documents/Repos/TestableHttpClient/test/Codenizer.HttpClient.Testable.Tests.Unit/AnthropicServerTests.cs(37,21): error CS1061: 'TestableMessageHandler' does not contain a definition for 'SimulateServer' and no accessible extension method 'SimulateServer' accepting a first argument of type 'TestableMessageHandler' could be found (are you missing a using directive or an assembly reference?) [/Users/joshuawaring/Documents/Repos/TestableHttpClient/test/Codenizer.HttpClient.Testable.Tests.Unit/Codenizer.HttpClient.Testable.Tests.Unit.csproj::TargetFramework=net10.0]
/Users/joshuawaring/Documents/Repos/TestableHttpClient/test/Codenizer.HttpClient.Testable.Tests.Unit/AnthropicServerTests.cs(65,21): error CS1061: 'TestableMessageHandler' does not contain a definition for 'SimulateServer' and no accessible extension method 'SimulateServer' accepting a first argument of type 'TestableMessageHandler' could be found (are you missing a using directive or an assembly reference?) [/Users/joshuawaring/Documents/Repos/TestableHttpClient/test/Codenizer.HttpClient.Testable.Tests.Unit/Codenizer.HttpClient.Testable.Tests.Unit.csproj::TargetFramework=net10.0]
    33 Warning(s)
    3 Error(s)

Time Elapsed 00:00:00.77
